<table class="wt-cli-element cookielawinfo-row-cat-table cookielawinfo-winter">
<table class="wt-cli-element cookielawinfo-row-cat-table cookielawinfo-winter">
<table class="wt-cli-element cookielawinfo-row-cat-table cookielawinfo-winter">
<table class="wt-cli-element cookielawinfo-row-cat-table cookielawinfo-winter">
<table class="wt-cli-element cookielawinfo-row-cat-table cookielawinfo-winter">