C:\Users\sato3\Desktop\CEO request for conversation.txt